#-----------------------------------------------------------
# Vivado v2022.2 (64-bit)
# SW Build 3671981 on Fri Oct 14 05:00:03 MDT 2022
# IP Build 3669848 on Fri Oct 14 08:30:02 MDT 2022
# Start of session at: Thu Jan 19 15:23:34 2023
# Process ID: 2232
# Current directory: C:/Users/Simon/Desktop/CPU/CPU
# Command line: vivado.exe -gui_launcher_event rodinguilauncherevent15172 C:\Users\Simon\Desktop\CPU\CPU\CPU.xpr
# Log file: C:/Users/Simon/Desktop/CPU/CPU/vivado.log
# Journal file: C:/Users/Simon/Desktop/CPU/CPU\vivado.jou
# Running On: DESKTOP-RIVQFJ0, OS: Windows, CPU Frequency: 3493 MHz, CPU Physical cores: 12, Host memory: 17079 MB
#-----------------------------------------------------------
start_gui
oopen_project C:/Users/Simon/Desktop/CPU/CPU/CPU.xpruupdate_compile_order -fileset sources_1
create_bd_design "cpu_design"
update_compile_order -fileset sources_1
export_ip_user_files -of_objects  [get_files C:/Users/Simon/Desktop/CPU/CPU/CPU.srcs/sources_1/bd/cpu_design/cpu_design.bd] -no_script -reset -force -quiet
remove_files  C:/Users/Simon/Desktop/CPU/CPU/CPU.srcs/sources_1/bd/cpu_design/cpu_design.bd
synth_design -rtl -rtl_skip_mlo -name rtl_1
launch_runs synth_1 -jobs 12
wait_on_run synth_1
open_run synth_1 -name synth_1
create_bd_design "design_1"
update_compile_order -fileset sources_1
generate_target all [get_files  C:/Users/Simon/Desktop/CPU/CPU/CPU.srcs/sources_1/bd/design_1/design_1.bd]
export_ip_user_files -of_objects [get_files C:/Users/Simon/Desktop/CPU/CPU/CPU.srcs/sources_1/bd/design_1/design_1.bd] -no_script -sync -force -quiet
create_ip_run [get_files -of_objects [get_fileset sources_1] C:/Users/Simon/Desktop/CPU/CPU/CPU.srcs/sources_1/bd/design_1/design_1.bd]
export_simulation -of_objects [get_files C:/Users/Simon/Desktop/CPU/CPU/CPU.srcs/sources_1/bd/design_1/design_1.bd] -directory C:/Users/Simon/Desktop/CPU/CPU/CPU.ip_user_files/sim_scripts -ip_user_files_dir C:/Users/Simon/Desktop/CPU/CPU/CPU.ip_user_files -ipstatic_source_dir C:/Users/Simon/Desktop/CPU/CPU/CPU.ip_user_files/ipstatic -lib_map_path [list {modelsim=C:/Users/Simon/Desktop/CPU/CPU/CPU.cache/compile_simlib/modelsim} {questa=C:/Users/Simon/Desktop/CPU/CPU/CPU.cache/compile_simlib/questa} {riviera=C:/Users/Simon/Desktop/CPU/CPU/CPU.cache/compile_simlib/riviera} {activehdl=C:/Users/Simon/Desktop/CPU/CPU/CPU.cache/compile_simlib/activehdl}] -use_ip_compiled_libs -force -quiet
open_bd_design {C:/Users/Simon/Desktop/CPU/CPU/CPU.srcs/sources_1/bd/design_1/design_1.bd}
create_bd_cell -type module -reference hoffmann hoffmann_0
export_ip_user_files -of_objects  [get_files C:/Users/Simon/Desktop/CPU/CPU/CPU.srcs/sources_1/bd/design_1/design_1.bd] -no_script -reset -force -quiet
remove_files  C:/Users/Simon/Desktop/CPU/CPU/CPU.srcs/sources_1/bd/design_1/design_1.bd
create_bd_design "hoffmann_cpu"
update_compile_order -fileset sources_1
create_bd_cell -type module -reference hoffmann hoffmann_0
set_property location {1 147 68} [get_bd_cells hoffmann_0]
open_bd_design {C:/Users/Simon/Desktop/CPU/CPU/CPU.srcs/sources_1/bd/hoffmann_cpu/hoffmann_cpu.bd}
update_module_reference hoffmann_cpu_hoffmann_0_0
update_module_reference hoffmann_cpu_hoffmann_0_0
delete_bd_objs [get_bd_cells hoffmann_0]
close [ open C:/Users/Simon/Desktop/CPU/CPU/CPU.srcs/sources_1/new/FreqDivider.v w ]
add_files C:/Users/Simon/Desktop/CPU/CPU/CPU.srcs/sources_1/new/FreqDivider.v
update_compile_order -fileset sources_1
save_bd_design
create_bd_cell -type module -reference hoffmann hoffmann_0
create_bd_cell -type module -reference FreqDivider FreqDivider_0
open_bd_design {C:/Users/Simon/Desktop/CPU/CPU/CPU.srcs/sources_1/bd/hoffmann_cpu/hoffmann_cpu.bd}
delete_bd_objs [get_bd_cells FreqDivider_0]
create_bd_cell -type module -reference FreqDivider FreqDivider_0
set_property location {0.5 -164 50} [get_bd_cells FreqDivider_0]
set_property location {1 -157 -4} [get_bd_cells FreqDivider_0]
set_property location {1 -160 -17} [get_bd_cells FreqDivider_0]
connect_bd_net [get_bd_pins hoffmann_0/clk] [get_bd_pins FreqDivider_0/out_clk]
set_property location {1 -162 1} [get_bd_cells FreqDivider_0]
set_property location {1 -160 -7} [get_bd_cells FreqDivider_0]
startgroup
create_bd_port -dir I -type rst reset
endgroup
connect_bd_net [get_bd_ports reset] [get_bd_pins FreqDivider_0/reset]
set_property location {-523 8} [get_bd_ports reset]
set_property location {-302 0} [get_bd_ports reset]
connect_bd_net [get_bd_ports reset] [get_bd_pins hoffmann_0/reset]
create_bd_port -dir I -type clk -freq_hz 100000000 clk
set_property location {-296 -24} [get_bd_ports clk]
connect_bd_net [get_bd_ports clk] [get_bd_pins FreqDivider_0/in_clk]
set_property location {2 440 64} [get_bd_cells hoffmann_0]
set_property location {2 440 85} [get_bd_cells hoffmann_0]
set_property location {2 440 108} [get_bd_cells hoffmann_0]
delete_bd_objs [get_bd_nets reset_1]
connect_bd_net [get_bd_ports reset] [get_bd_pins hoffmann_0/reset]
connect_bd_net [get_bd_ports reset] [get_bd_pins FreqDivider_0/reset]
create_bd_port -dir I program_enable
set_property location {-293 84} [get_bd_ports program_enable]
connect_bd_net [get_bd_ports program_enable] [get_bd_pins hoffmann_0/program]
set_property location {-296 100} [get_bd_ports program_enable]
create_bd_port -dir I next_program_address
set_property location {-296 118} [get_bd_ports next_program_address]
create_bd_port -dir I -from 31 -to 0 in_port
set_property location {-294 141} [get_bd_ports in_port]
open_project C:/Users/Simon/Downloads/jimmy-main/jimmy-main/implementations/Vivado/jimmy/jimmy.xpr
update_compile_order -fileset sources_1
close_project
open_project C:/Users/Simon/Downloads/jimmy-main/jimmy-main/implementations/Vivado/jimmy/jimmy.xpr
update_compile_order -fileset sources_1
close_project
save_bd_design
update_module_reference hoffmann_cpu_hoffmann_0_1
set_property location {-291 139} [get_bd_ports in_port]
connect_bd_net [get_bd_ports next_program_address] [get_bd_pins hoffmann_0/next_program_address]
connect_bd_net [get_bd_ports in_port] [get_bd_pins hoffmann_0/in_port]
create_bd_port -dir I -from 31 -to 0 out_port
delete_bd_objs [get_bd_ports out_port]
create_bd_port -dir O out_port
connect_bd_net [get_bd_ports out_port] [get_bd_pins hoffmann_0/out_port]
create_bd_port -dir I in_strobe
set_property location {699 91} [get_bd_ports out_port]
set_property location {697 84} [get_bd_ports out_port]
delete_bd_objs [get_bd_ports in_strobe]
delete_bd_objs [get_bd_nets hoffmann_0_out_port] [get_bd_ports out_port]
create_bd_port -dir O -from 31 -to 0 out_port
startgroup
connect_bd_net [get_bd_ports out_port] [get_bd_pins hoffmann_0/out_port]
endgroup
set_property location {690 83} [get_bd_ports out_port]
create_bd_port -dir O in_strobe
set_property location {691 105} [get_bd_ports in_strobe]
connect_bd_net [get_bd_ports in_strobe] [get_bd_pins hoffmann_0/in_strobe]
create_bd_port -dir O out_strobe
set_property location {692 127} [get_bd_ports out_strobe]
set_property location {699 122} [get_bd_ports out_strobe]
startgroup
connect_bd_net [get_bd_ports out_strobe] [get_bd_pins hoffmann_0/out_strobe]
endgroup
set_property location {692 96} [get_bd_ports in_strobe]
save_bd_design
